[2022-07-01T09:44:56.894+0300][gc,heap] Heap region size: 1M
[2022-07-01T09:44:56.916+0300][gc     ] Using G1
[2022-07-01T09:44:56.916+0300][gc,heap,coops] Heap address: 0x00000000c0000000, size: 1024 MB, Compressed Oops mode: 32-bit
[2022-07-01T09:44:56.917+0300][gc,cds       ] Mark closed archive regions in map: [0x00000000fff00000, 0x00000000fff6aff8]
[2022-07-01T09:44:56.917+0300][gc,cds       ] Mark open archive regions in map: [0x00000000ffe00000, 0x00000000ffe46ff8]
[2022-07-01T09:44:57.830+0300][gc,heap,exit ] Heap
[2022-07-01T09:44:57.830+0300][gc,heap,exit ]  garbage-first heap   total 1048576K, used 11976K [0x00000000c0000000, 0x0000000100000000)
[2022-07-01T09:44:57.830+0300][gc,heap,exit ]   region size 1024K, 12 young (12288K), 0 survivors (0K)
[2022-07-01T09:44:57.830+0300][gc,heap,exit ]  Metaspace       used 4869K, capacity 5091K, committed 5376K, reserved 1056768K
[2022-07-01T09:44:57.830+0300][gc,heap,exit ]   class space    used 561K, capacity 664K, committed 768K, reserved 1048576K
