[2022-07-01T09:58:08.441+0300][gc,heap] Heap region size: 1M
[2022-07-01T09:58:08.476+0300][gc     ] Using G1
[2022-07-01T09:58:08.476+0300][gc,heap,coops] Heap address: 0x00000000e0000000, size: 512 MB, Compressed Oops mode: 32-bit
[2022-07-01T09:58:08.477+0300][gc,cds       ] Mark closed archive regions in map: [0x00000000fff00000, 0x00000000fff6aff8]
[2022-07-01T09:58:08.477+0300][gc,cds       ] Mark open archive regions in map: [0x00000000ffe00000, 0x00000000ffe46ff8]
[2022-07-01T09:58:10.675+0300][gc,start     ] GC(0) Pause Young (Normal) (G1 Evacuation Pause)
[2022-07-01T09:58:10.676+0300][gc,task      ] GC(0) Using 2 workers of 2 for evacuation
[2022-07-01T09:58:10.701+0300][gc,mmu       ] GC(0) MMU target violated: 21,0ms (20,0ms/21,0ms)
[2022-07-01T09:58:10.701+0300][gc,phases    ] GC(0)   Pre Evacuate Collection Set: 0,0ms
[2022-07-01T09:58:10.701+0300][gc,phases    ] GC(0)   Evacuate Collection Set: 22,3ms
[2022-07-01T09:58:10.701+0300][gc,phases    ] GC(0)   Post Evacuate Collection Set: 2,0ms
[2022-07-01T09:58:10.701+0300][gc,phases    ] GC(0)   Other: 2,1ms
[2022-07-01T09:58:10.701+0300][gc,heap      ] GC(0) Eden regions: 25->0(21)
[2022-07-01T09:58:10.701+0300][gc,heap      ] GC(0) Survivor regions: 0->4(4)
[2022-07-01T09:58:10.701+0300][gc,heap      ] GC(0) Old regions: 2->5
[2022-07-01T09:58:10.701+0300][gc,heap      ] GC(0) Humongous regions: 0->0
[2022-07-01T09:58:10.701+0300][gc,metaspace ] GC(0) Metaspace: 7529K->7529K(1056768K)
[2022-07-01T09:58:10.701+0300][gc           ] GC(0) Pause Young (Normal) (G1 Evacuation Pause) 25M->7M(512M) 26,524ms
[2022-07-01T09:58:10.701+0300][gc,cpu       ] GC(0) User=0,02s Sys=0,02s Real=0,03s
[2022-07-01T10:10:13.926+0300][gc,heap,exit ] Heap
[2022-07-01T10:10:13.932+0300][gc,heap,exit ]  garbage-first heap   total 524288K, used 14878K [0x00000000e0000000, 0x0000000100000000)
[2022-07-01T10:10:13.932+0300][gc,heap,exit ]   region size 1024K, 12 young (12288K), 4 survivors (4096K)
[2022-07-01T10:10:13.932+0300][gc,heap,exit ]  Metaspace       used 8643K, capacity 9018K, committed 9344K, reserved 1056768K
[2022-07-01T10:10:13.932+0300][gc,heap,exit ]   class space    used 967K, capacity 1121K, committed 1152K, reserved 1048576K
