[2022-06-30T22:44:13.936+0300][gc,heap] Heap region size: 1M
[2022-06-30T22:44:13.964+0300][gc     ] Using G1
[2022-06-30T22:44:13.964+0300][gc,heap,coops] Heap address: 0x00000000e0000000, size: 512 MB, Compressed Oops mode: 32-bit
[2022-06-30T22:44:13.964+0300][gc,cds       ] Mark closed archive regions in map: [0x00000000fff00000, 0x00000000fff6aff8]
[2022-06-30T22:44:13.964+0300][gc,cds       ] Mark open archive regions in map: [0x00000000ffe00000, 0x00000000ffe46ff8]
[2022-06-30T22:44:19.364+0300][gc,start     ] GC(0) Pause Young (Normal) (G1 Evacuation Pause)
[2022-06-30T22:44:19.364+0300][gc,task      ] GC(0) Using 2 workers of 2 for evacuation
[2022-06-30T22:44:19.386+0300][gc,mmu       ] GC(0) MMU target violated: 21,0ms (20,0ms/21,0ms)
[2022-06-30T22:44:19.386+0300][gc,phases    ] GC(0)   Pre Evacuate Collection Set: 0,0ms
[2022-06-30T22:44:19.386+0300][gc,phases    ] GC(0)   Evacuate Collection Set: 20,4ms
[2022-06-30T22:44:19.386+0300][gc,phases    ] GC(0)   Post Evacuate Collection Set: 0,8ms
[2022-06-30T22:44:19.386+0300][gc,phases    ] GC(0)   Other: 0,9ms
[2022-06-30T22:44:19.386+0300][gc,heap      ] GC(0) Eden regions: 25->0(21)
[2022-06-30T22:44:19.386+0300][gc,heap      ] GC(0) Survivor regions: 0->4(4)
[2022-06-30T22:44:19.386+0300][gc,heap      ] GC(0) Old regions: 2->5
[2022-06-30T22:44:19.386+0300][gc,heap      ] GC(0) Humongous regions: 0->0
[2022-06-30T22:44:19.386+0300][gc,metaspace ] GC(0) Metaspace: 7833K->7833K(1056768K)
[2022-06-30T22:44:19.386+0300][gc           ] GC(0) Pause Young (Normal) (G1 Evacuation Pause) 25M->7M(512M) 22,591ms
[2022-06-30T22:44:19.386+0300][gc,cpu       ] GC(0) User=0,02s Sys=0,01s Real=0,02s
[2022-07-01T03:31:23.028+0300][gc,start     ] GC(1) Pause Young (Normal) (G1 Evacuation Pause)
[2022-07-01T03:31:23.048+0300][gc,task      ] GC(1) Using 2 workers of 2 for evacuation
[2022-07-01T03:31:25.005+0300][gc,mmu       ] GC(1) MMU target violated: 21,0ms (20,0ms/21,0ms)
[2022-07-01T03:31:25.005+0300][gc,phases    ] GC(1)   Pre Evacuate Collection Set: 522,9ms
[2022-07-01T03:31:25.005+0300][gc,phases    ] GC(1)   Evacuate Collection Set: 1415,4ms
[2022-07-01T03:31:25.005+0300][gc,phases    ] GC(1)   Post Evacuate Collection Set: 9,8ms
[2022-07-01T03:31:25.005+0300][gc,phases    ] GC(1)   Other: 50,1ms
[2022-07-01T03:31:25.005+0300][gc,heap      ] GC(1) Eden regions: 21->0(24)
[2022-07-01T03:31:25.005+0300][gc,heap      ] GC(1) Survivor regions: 4->1(4)
[2022-07-01T03:31:25.005+0300][gc,heap      ] GC(1) Old regions: 5->10
[2022-07-01T03:31:25.005+0300][gc,heap      ] GC(1) Humongous regions: 0->0
[2022-07-01T03:31:25.005+0300][gc,metaspace ] GC(1) Metaspace: 9155K->9155K(1058816K)
[2022-07-01T03:31:25.005+0300][gc           ] GC(1) Pause Young (Normal) (G1 Evacuation Pause) 28M->8M(512M) 1977,108ms
[2022-07-01T03:31:25.005+0300][gc,cpu       ] GC(1) User=0,00s Sys=0,68s Real=1,98s
[2022-07-01T09:16:55.623+0300][gc,heap,exit ] Heap
[2022-07-01T09:16:55.625+0300][gc,heap,exit ]  garbage-first heap   total 524288K, used 26686K [0x00000000e0000000, 0x0000000100000000)
[2022-07-01T09:16:55.625+0300][gc,heap,exit ]   region size 1024K, 20 young (20480K), 1 survivors (1024K)
[2022-07-01T09:16:55.625+0300][gc,heap,exit ]  Metaspace       used 9169K, capacity 9500K, committed 9856K, reserved 1058816K
[2022-07-01T09:16:55.625+0300][gc,heap,exit ]   class space    used 967K, capacity 1089K, committed 1152K, reserved 1048576K
