[2022-07-01T09:16:59.278+0300][gc,heap] Heap region size: 1M
[2022-07-01T09:16:59.289+0300][gc     ] Using G1
[2022-07-01T09:16:59.289+0300][gc,heap,coops] Heap address: 0x00000000e0000000, size: 512 MB, Compressed Oops mode: 32-bit
[2022-07-01T09:16:59.290+0300][gc,cds       ] Mark closed archive regions in map: [0x00000000fff00000, 0x00000000fff6aff8]
[2022-07-01T09:16:59.290+0300][gc,cds       ] Mark open archive regions in map: [0x00000000ffe00000, 0x00000000ffe46ff8]
[2022-07-01T09:17:06.454+0300][gc,start     ] GC(0) Pause Young (Normal) (G1 Evacuation Pause)
[2022-07-01T09:17:06.454+0300][gc,task      ] GC(0) Using 2 workers of 2 for evacuation
[2022-07-01T09:17:06.471+0300][gc,phases    ] GC(0)   Pre Evacuate Collection Set: 0,0ms
[2022-07-01T09:17:06.471+0300][gc,phases    ] GC(0)   Evacuate Collection Set: 15,6ms
[2022-07-01T09:17:06.471+0300][gc,phases    ] GC(0)   Post Evacuate Collection Set: 1,4ms
[2022-07-01T09:17:06.471+0300][gc,phases    ] GC(0)   Other: 0,3ms
[2022-07-01T09:17:06.471+0300][gc,heap      ] GC(0) Eden regions: 25->0(21)
[2022-07-01T09:17:06.471+0300][gc,heap      ] GC(0) Survivor regions: 0->4(4)
[2022-07-01T09:17:06.471+0300][gc,heap      ] GC(0) Old regions: 2->5
[2022-07-01T09:17:06.471+0300][gc,heap      ] GC(0) Humongous regions: 0->0
[2022-07-01T09:17:06.471+0300][gc,metaspace ] GC(0) Metaspace: 7832K->7832K(1056768K)
[2022-07-01T09:17:06.472+0300][gc           ] GC(0) Pause Young (Normal) (G1 Evacuation Pause) 25M->7M(512M) 17,489ms
[2022-07-01T09:17:06.472+0300][gc,cpu       ] GC(0) User=0,01s Sys=0,03s Real=0,02s
[2022-07-01T09:22:40.685+0300][gc,heap,exit ] Heap
[2022-07-01T09:22:40.685+0300][gc,heap,exit ]  garbage-first heap   total 524288K, used 10770K [0x00000000e0000000, 0x0000000100000000)
[2022-07-01T09:22:40.685+0300][gc,heap,exit ]   region size 1024K, 8 young (8192K), 4 survivors (4096K)
[2022-07-01T09:22:40.685+0300][gc,heap,exit ]  Metaspace       used 8239K, capacity 8570K, committed 8832K, reserved 1056768K
[2022-07-01T09:22:40.685+0300][gc,heap,exit ]   class space    used 923K, capacity 1057K, committed 1152K, reserved 1048576K
